{
  "timestamp": "2026-02-22T10:02:07.648Z",
  "userId": "6f03b7aa-a889-406e-a420-83268f10b949",
  "err": {
    "name": "PrismaClientKnownRequestError",
    "code": "P2024",
    "clientVersion": "5.22.0",
    "meta": {
      "modelName": "UserProfile",
      "connection_limit": 21,
      "timeout": 10
    }
  },
  "data": {
    "heightCm": 175,
    "weightKg": 75,
    "biologicalSex": "MALE",
    "dateOfBirth": "1995-01-01T00:00:00.000Z"
  }
}
---
{
  "timestamp": "2026-02-22T10:02:55.361Z",
  "userId": "6f03b7aa-a889-406e-a420-83268f10b949",
  "err": {
    "name": "PrismaClientKnownRequestError",
    "code": "P1001",
    "clientVersion": "5.22.0",
    "meta": {
      "modelName": "UserProfile",
      "database_host": "aws-1-ap-northeast-2.pooler.supabase.com",
      "database_port": 6543
    }
  },
  "data": {
    "heightCm": 175,
    "weightKg": 75,
    "biologicalSex": "MALE",
    "dateOfBirth": "1995-01-01T00:00:00.000Z"
  }
}
---
{
  "timestamp": "2026-03-30T11:02:54.559Z",
  "userId": "e34878d8-f57b-4574-bd2c-0edcbbfc9398",
  "err": {
    "name": "PrismaClientKnownRequestError",
    "code": "P1017",
    "clientVersion": "5.22.0",
    "meta": {
      "modelName": "UserProfile"
    }
  },
  "data": {}
}
---
{
  "timestamp": "2026-03-30T11:02:59.788Z",
  "userId": "e34878d8-f57b-4574-bd2c-0edcbbfc9398",
  "err": {
    "name": "PrismaClientKnownRequestError",
    "code": "P1001",
    "clientVersion": "5.22.0",
    "meta": {
      "modelName": "UserProfile",
      "database_host": "aws-1-ap-northeast-2.pooler.supabase.com",
      "database_port": 6543
    }
  },
  "data": {}
}
---
{
  "timestamp": "2026-03-30T11:03:17.712Z",
  "userId": "e34878d8-f57b-4574-bd2c-0edcbbfc9398",
  "err": {
    "name": "PrismaClientKnownRequestError",
    "code": "P1001",
    "clientVersion": "5.22.0",
    "meta": {
      "modelName": "UserProfile",
      "database_host": "aws-1-ap-northeast-2.pooler.supabase.com",
      "database_port": 6543
    }
  },
  "data": {}
}
---
{
  "timestamp": "2026-04-02T09:43:02.698Z",
  "userId": "e34878d8-f57b-4574-bd2c-0edcbbfc9398",
  "err": {
    "name": "PrismaClientKnownRequestError",
    "code": "P1001",
    "clientVersion": "5.22.0",
    "meta": {
      "modelName": "UserProfile",
      "database_host": "aws-1-ap-northeast-2.pooler.supabase.com",
      "database_port": 6543
    }
  },
  "data": {}
}
---
{
  "timestamp": "2026-04-04T16:45:43.621Z",
  "userId": "6f50f951-3c68-437c-b6cf-ea74945fbf5a",
  "err": {
    "name": "PrismaClientKnownRequestError",
    "code": "P2021",
    "clientVersion": "5.22.0",
    "meta": {
      "modelName": "UserProfile",
      "table": "public.user_profiles"
    }
  },
  "data": {}
}
---
{
  "timestamp": "2026-04-04T16:45:59.289Z",
  "userId": "6f50f951-3c68-437c-b6cf-ea74945fbf5a",
  "err": {
    "name": "PrismaClientKnownRequestError",
    "code": "P2021",
    "clientVersion": "5.22.0",
    "meta": {
      "modelName": "UserProfile",
      "table": "public.user_profiles"
    }
  },
  "data": {}
}
---
{
  "timestamp": "2026-04-04T16:46:04.700Z",
  "userId": "6f50f951-3c68-437c-b6cf-ea74945fbf5a",
  "err": {
    "name": "PrismaClientKnownRequestError",
    "code": "P2021",
    "clientVersion": "5.22.0",
    "meta": {
      "modelName": "UserProfile",
      "table": "public.user_profiles"
    }
  },
  "data": {}
}
---
{
  "timestamp": "2026-04-04T16:46:24.080Z",
  "userId": "6f50f951-3c68-437c-b6cf-ea74945fbf5a",
  "err": {
    "name": "PrismaClientKnownRequestError",
    "code": "P2021",
    "clientVersion": "5.22.0",
    "meta": {
      "modelName": "UserProfile",
      "table": "public.user_profiles"
    }
  },
  "data": {}
}
---
{
  "timestamp": "2026-04-05T17:06:39.587Z",
  "userId": "a4591daf-1476-4d18-ae39-5909318ed2fe",
  "err": {
    "name": "PrismaClientKnownRequestError",
    "code": "P1001",
    "clientVersion": "5.22.0",
    "meta": {
      "modelName": "UserProfile",
      "database_host": "aws-1-ap-northeast-2.pooler.supabase.com",
      "database_port": 6543
    }
  },
  "data": {
    "heightCm": 175,
    "weightKg": 75,
    "biologicalSex": "MALE",
    "dateOfBirth": "1995-01-01T00:00:00.000Z"
  }
}
---
