Collecting fastapi==0.110.0 (from -r requirements.txt (line 1))
  Using cached fastapi-0.110.0-py3-none-any.whl.metadata (25 kB)
Collecting uvicorn==0.29.0 (from -r requirements.txt (line 2))
  Using cached uvicorn-0.29.0-py3-none-any.whl.metadata (6.3 kB)
Collecting pydantic>=2.9.0 (from -r requirements.txt (line 3))
  Downloading pydantic-2.12.5-py3-none-any.whl.metadata (90 kB)
Collecting numpy>=2.1.0 (from -r requirements.txt (line 4))
  Downloading numpy-2.4.3-cp313-cp313-win_amd64.whl.metadata (6.6 kB)
Collecting redis==5.0.3 (from -r requirements.txt (line 5))
  Downloading redis-5.0.3-py3-none-any.whl.metadata (9.3 kB)
Collecting httpx==0.27.0 (from -r requirements.txt (line 6))
  Downloading httpx-0.27.0-py3-none-any.whl.metadata (7.2 kB)
Collecting python-json-logger==2.0.7 (from -r requirements.txt (line 7))
  Downloading python_json_logger-2.0.7-py3-none-any.whl.metadata (6.5 kB)
Collecting python-dotenv==1.0.1 (from -r requirements.txt (line 8))
  Downloading python_dotenv-1.0.1-py3-none-any.whl.metadata (23 kB)
Collecting starlette<0.37.0,>=0.36.3 (from fastapi==0.110.0->-r requirements.txt (line 1))
  Downloading starlette-0.36.3-py3-none-any.whl.metadata (5.9 kB)
Collecting typing-extensions>=4.8.0 (from fastapi==0.110.0->-r requirements.txt (line 1))
  Using cached typing_extensions-4.15.0-py3-none-any.whl.metadata (3.3 kB)
Collecting click>=7.0 (from uvicorn==0.29.0->-r requirements.txt (line 2))
  Using cached click-8.3.1-py3-none-any.whl.metadata (2.6 kB)
Collecting h11>=0.8 (from uvicorn==0.29.0->-r requirements.txt (line 2))
  Using cached h11-0.16.0-py3-none-any.whl.metadata (8.3 kB)
Collecting anyio (from httpx==0.27.0->-r requirements.txt (line 6))
  Using cached anyio-4.12.1-py3-none-any.whl.metadata (4.3 kB)
Collecting certifi (from httpx==0.27.0->-r requirements.txt (line 6))
  Using cached certifi-2026.2.25-py3-none-any.whl.metadata (2.5 kB)
Collecting httpcore==1.* (from httpx==0.27.0->-r requirements.txt (line 6))
  Using cached httpcore-1.0.9-py3-none-any.whl.metadata (21 kB)
Collecting idna (from httpx==0.27.0->-r requirements.txt (line 6))
  Using cached idna-3.11-py3-none-any.whl.metadata (8.4 kB)
Collecting sniffio (from httpx==0.27.0->-r requirements.txt (line 6))
  Downloading sniffio-1.3.1-py3-none-any.whl.metadata (3.9 kB)
Collecting annotated-types>=0.6.0 (from pydantic>=2.9.0->-r requirements.txt (line 3))
  Using cached annotated_types-0.7.0-py3-none-any.whl.metadata (15 kB)
Collecting pydantic-core==2.41.5 (from pydantic>=2.9.0->-r requirements.txt (line 3))
  Downloading pydantic_core-2.41.5-cp313-cp313-win_amd64.whl.metadata (7.4 kB)
Collecting typing-inspection>=0.4.2 (from pydantic>=2.9.0->-r requirements.txt (line 3))
  Downloading typing_inspection-0.4.2-py3-none-any.whl.metadata (2.6 kB)
Collecting colorama (from click>=7.0->uvicorn==0.29.0->-r requirements.txt (line 2))
  Using cached colorama-0.4.6-py2.py3-none-any.whl.metadata (17 kB)
Using cached fastapi-0.110.0-py3-none-any.whl (92 kB)
Downloading uvicorn-0.29.0-py3-none-any.whl (60 kB)
Downloading redis-5.0.3-py3-none-any.whl (251 kB)
Downloading httpx-0.27.0-py3-none-any.whl (75 kB)
Downloading python_json_logger-2.0.7-py3-none-any.whl (8.1 kB)
Downloading python_dotenv-1.0.1-py3-none-any.whl (19 kB)
Downloading pydantic-2.12.5-py3-none-any.whl (463 kB)
Downloading pydantic_core-2.41.5-cp313-cp313-win_amd64.whl (2.0 MB)
   ---------------------------------------- 2.0/2.0 MB 1.2 MB/s  0:00:01
Using cached httpcore-1.0.9-py3-none-any.whl (78 kB)
Downloading starlette-0.36.3-py3-none-any.whl (71 kB)
Using cached anyio-4.12.1-py3-none-any.whl (113 kB)
Downloading numpy-2.4.3-cp313-cp313-win_amd64.whl (12.3 MB)
   ---------------------------------------- 12.3/12.3 MB 1.8 MB/s  0:00:06
Using cached annotated_types-0.7.0-py3-none-any.whl (13 kB)
Using cached click-8.3.1-py3-none-any.whl (108 kB)
Using cached h11-0.16.0-py3-none-any.whl (37 kB)
Using cached idna-3.11-py3-none-any.whl (71 kB)
Using cached typing_extensions-4.15.0-py3-none-any.whl (44 kB)
Downloading typing_inspection-0.4.2-py3-none-any.whl (14 kB)
Using cached certifi-2026.2.25-py3-none-any.whl (153 kB)
Using cached colorama-0.4.6-py2.py3-none-any.whl (25 kB)
Downloading sniffio-1.3.1-py3-none-any.whl (10 kB)
Installing collected packages: typing-extensions, sniffio, redis, python-json-logger, python-dotenv, numpy, idna, h11, colorama, certifi, annotated-types, typing-inspection, pydantic-core, httpcore, click, anyio, uvicorn, starlette, pydantic, httpx, fastapi

Successfully installed annotated-types-0.7.0 anyio-4.12.1 certifi-2026.2.25 click-8.3.1 colorama-0.4.6 fastapi-0.110.0 h11-0.16.0 httpcore-1.0.9 httpx-0.27.0 idna-3.11 numpy-2.4.3 pydantic-2.12.5 pydantic-core-2.41.5 python-dotenv-1.0.1 python-json-logger-2.0.7 redis-5.0.3 sniffio-1.3.1 starlette-0.36.3 typing-extensions-4.15.0 typing-inspection-0.4.2 uvicorn-0.29.0

[notice] A new release of pip is available: 25.3 -> 26.0.1
[notice] To update, run: C:\Users\User\Downloads\NightFule\NightFule\nightfuel\services\circadian-engine\venv\Scripts\python.exe -m pip install --upgrade pip
